<?xml version="1.0"?>
<link_info>
   <banner>TI ARM Linker PC v5.2.6</banner>
   <copyright>Copyright (c) 1996-2015 Texas Instruments Incorporated</copyright>
   <link_time>0x569330c1</link_time>
   <link_errors>0x0</link_errors>
   <output_file>Projection_Clock.out</output_file>
   <entry_point>
      <name>_c_int00</name>
      <address>0x1929</address>
   </entry_point>
   <input_file_list>
      <input_file id="fl-2">
         <path>.\</path>
         <kind>object</kind>
         <file>main.obj</file>
         <name>main.obj</name>
      </input_file>
      <input_file id="fl-5">
         <path>C:\Users\Vishal\git\Projection_Clock\Debug\configPkg\package\cfg\</path>
         <kind>object</kind>
         <file>Projection_Clock_pem4f.oem4f</file>
         <name>Projection_Clock_pem4f.oem4f</name>
      </input_file>
      <input_file id="fl-d">
         <path>C:\ti\tirtos_tivac_2_14_04_31\products\bios_6_42_03_35\packages\ti\catalog\arm\cortexm4\tiva\ce\lib\</path>
         <kind>archive</kind>
         <file>Boot.aem4f</file>
         <name>Boot.oem4f</name>
      </input_file>
      <input_file id="fl-e">
         <path>C:\ti\tirtos_tivac_2_14_04_31\products\bios_6_42_03_35\packages\ti\catalog\arm\cortexm4\tiva\ce\lib\</path>
         <kind>archive</kind>
         <file>Boot.aem4f</file>
         <name>Boot_sysctl.oem4f</name>
      </input_file>
      <input_file id="fl-f">
         <path>C:\ti\tirtos_tivac_2_14_04_31\products\bios_6_42_03_35\packages\ti\targets\arm\rtsarm\lib\</path>
         <kind>archive</kind>
         <file>ti.targets.arm.rtsarm.aem4f</file>
         <name>Assert.oem4f</name>
      </input_file>
      <input_file id="fl-10">
         <path>C:\ti\tirtos_tivac_2_14_04_31\products\bios_6_42_03_35\packages\ti\targets\arm\rtsarm\lib\</path>
         <kind>archive</kind>
         <file>ti.targets.arm.rtsarm.aem4f</file>
         <name>Core-mem.oem4f</name>
      </input_file>
      <input_file id="fl-11">
         <path>C:\ti\tirtos_tivac_2_14_04_31\products\bios_6_42_03_35\packages\ti\targets\arm\rtsarm\lib\</path>
         <kind>archive</kind>
         <file>ti.targets.arm.rtsarm.aem4f</file>
         <name>Core-smem.oem4f</name>
      </input_file>
      <input_file id="fl-12">
         <path>C:\ti\tirtos_tivac_2_14_04_31\products\bios_6_42_03_35\packages\ti\targets\arm\rtsarm\lib\</path>
         <kind>archive</kind>
         <file>ti.targets.arm.rtsarm.aem4f</file>
         <name>Core-label.oem4f</name>
      </input_file>
      <input_file id="fl-13">
         <path>C:\ti\tirtos_tivac_2_14_04_31\products\bios_6_42_03_35\packages\ti\targets\arm\rtsarm\lib\</path>
         <kind>archive</kind>
         <file>ti.targets.arm.rtsarm.aem4f</file>
         <name>Core-params.oem4f</name>
      </input_file>
      <input_file id="fl-14">
         <path>C:\ti\tirtos_tivac_2_14_04_31\products\bios_6_42_03_35\packages\ti\targets\arm\rtsarm\lib\</path>
         <kind>archive</kind>
         <file>ti.targets.arm.rtsarm.aem4f</file>
         <name>Error.oem4f</name>
      </input_file>
      <input_file id="fl-15">
         <path>C:\ti\tirtos_tivac_2_14_04_31\products\bios_6_42_03_35\packages\ti\targets\arm\rtsarm\lib\</path>
         <kind>archive</kind>
         <file>ti.targets.arm.rtsarm.aem4f</file>
         <name>Gate.oem4f</name>
      </input_file>
      <input_file id="fl-16">
         <path>C:\ti\tirtos_tivac_2_14_04_31\products\bios_6_42_03_35\packages\ti\targets\arm\rtsarm\lib\</path>
         <kind>archive</kind>
         <file>ti.targets.arm.rtsarm.aem4f</file>
         <name>GateNull.oem4f</name>
      </input_file>
      <input_file id="fl-17">
         <path>C:\ti\tirtos_tivac_2_14_04_31\products\bios_6_42_03_35\packages\ti\targets\arm\rtsarm\lib\</path>
         <kind>archive</kind>
         <file>ti.targets.arm.rtsarm.aem4f</file>
         <name>HeapStd.oem4f</name>
      </input_file>
      <input_file id="fl-18">
         <path>C:\ti\tirtos_tivac_2_14_04_31\products\bios_6_42_03_35\packages\ti\targets\arm\rtsarm\lib\</path>
         <kind>archive</kind>
         <file>ti.targets.arm.rtsarm.aem4f</file>
         <name>Memory.oem4f</name>
      </input_file>
      <input_file id="fl-19">
         <path>C:\ti\tirtos_tivac_2_14_04_31\products\bios_6_42_03_35\packages\ti\targets\arm\rtsarm\lib\</path>
         <kind>archive</kind>
         <file>ti.targets.arm.rtsarm.aem4f</file>
         <name>Startup.oem4f</name>
      </input_file>
      <input_file id="fl-1a">
         <path>C:\ti\tirtos_tivac_2_14_04_31\products\bios_6_42_03_35\packages\ti\targets\arm\rtsarm\lib\</path>
         <kind>archive</kind>
         <file>ti.targets.arm.rtsarm.aem4f</file>
         <name>System.oem4f</name>
      </input_file>
      <input_file id="fl-1b">
         <path>C:\ti\tirtos_tivac_2_14_04_31\products\bios_6_42_03_35\packages\ti\targets\arm\rtsarm\lib\</path>
         <kind>archive</kind>
         <file>ti.targets.arm.rtsarm.aem4f</file>
         <name>SysMin.oem4f</name>
      </input_file>
      <input_file id="fl-1c">
         <path>C:\ti\tirtos_tivac_2_14_04_31\products\bios_6_42_03_35\packages\ti\targets\arm\rtsarm\lib\</path>
         <kind>archive</kind>
         <file>ti.targets.arm.rtsarm.aem4f</file>
         <name>Text.oem4f</name>
      </input_file>
      <input_file id="fl-1d">
         <path>C:\ti\tirtos_tivac_2_14_04_31\products\bios_6_42_03_35\packages\ti\targets\arm\rtsarm\lib\</path>
         <kind>archive</kind>
         <file>ti.targets.arm.rtsarm.aem4f</file>
         <name>xdc_noinit.oem4f</name>
      </input_file>
      <input_file id="fl-1e">
         <path>C:\ti\tirtos_tivac_2_14_04_31\products\bios_6_42_03_35\packages\ti\targets\arm\rtsarm\lib\</path>
         <kind>archive</kind>
         <file>ti.targets.arm.rtsarm.aem4f</file>
         <name>Registry.oem4f</name>
      </input_file>
      <input_file id="fl-1f">
         <path>C:\ti\tirtos_tivac_2_14_04_31\products\bios_6_42_03_35\packages\ti\targets\arm\rtsarm\lib\</path>
         <kind>archive</kind>
         <file>boot.aem4f</file>
         <name>boot.oem4f</name>
      </input_file>
      <input_file id="fl-20">
         <path>C:\ti\tirtos_tivac_2_14_04_31\products\bios_6_42_03_35\packages\ti\targets\arm\rtsarm\lib\</path>
         <kind>archive</kind>
         <file>auto_init.aem4f</file>
         <name>auto_init.oem4f</name>
      </input_file>
      <input_file id="fl-142">
         <path>C:\ti\ccsv6\tools\compiler\ti-cgt-arm_5.2.6\lib\</path>
         <kind>archive</kind>
         <file>rtsv7M4_T_le_v4SPD16_eabi.lib</file>
         <name>args_main.obj</name>
      </input_file>
      <input_file id="fl-143">
         <path>C:\ti\ccsv6\tools\compiler\ti-cgt-arm_5.2.6\lib\</path>
         <kind>archive</kind>
         <file>rtsv7M4_T_le_v4SPD16_eabi.lib</file>
         <name>copy_decompress_none.obj</name>
      </input_file>
      <input_file id="fl-144">
         <path>C:\ti\ccsv6\tools\compiler\ti-cgt-arm_5.2.6\lib\</path>
         <kind>archive</kind>
         <file>rtsv7M4_T_le_v4SPD16_eabi.lib</file>
         <name>copy_decompress_rle.obj</name>
      </input_file>
      <input_file id="fl-145">
         <path>C:\ti\ccsv6\tools\compiler\ti-cgt-arm_5.2.6\lib\</path>
         <kind>archive</kind>
         <file>rtsv7M4_T_le_v4SPD16_eabi.lib</file>
         <name>copy_zero_init.obj</name>
      </input_file>
      <input_file id="fl-146">
         <path>C:\ti\ccsv6\tools\compiler\ti-cgt-arm_5.2.6\lib\</path>
         <kind>archive</kind>
         <file>rtsv7M4_T_le_v4SPD16_eabi.lib</file>
         <name>cpy_tbl.obj</name>
      </input_file>
      <input_file id="fl-147">
         <path>C:\ti\ccsv6\tools\compiler\ti-cgt-arm_5.2.6\lib\</path>
         <kind>archive</kind>
         <file>rtsv7M4_T_le_v4SPD16_eabi.lib</file>
         <name>exit.obj</name>
      </input_file>
      <input_file id="fl-148">
         <path>C:\ti\ccsv6\tools\compiler\ti-cgt-arm_5.2.6\lib\</path>
         <kind>archive</kind>
         <file>rtsv7M4_T_le_v4SPD16_eabi.lib</file>
         <name>memcpy_t2.obj</name>
      </input_file>
      <input_file id="fl-149">
         <path>C:\ti\ccsv6\tools\compiler\ti-cgt-arm_5.2.6\lib\</path>
         <kind>archive</kind>
         <file>rtsv7M4_T_le_v4SPD16_eabi.lib</file>
         <name>memory.obj</name>
      </input_file>
      <input_file id="fl-14a">
         <path>C:\ti\ccsv6\tools\compiler\ti-cgt-arm_5.2.6\lib\</path>
         <kind>archive</kind>
         <file>rtsv7M4_T_le_v4SPD16_eabi.lib</file>
         <name>memset_t2.obj</name>
      </input_file>
      <input_file id="fl-14b">
         <path>C:\ti\ccsv6\tools\compiler\ti-cgt-arm_5.2.6\lib\</path>
         <kind>archive</kind>
         <file>rtsv7M4_T_le_v4SPD16_eabi.lib</file>
         <name>stkdepth_vars.obj</name>
      </input_file>
      <input_file id="fl-14c">
         <path>C:\ti\ccsv6\tools\compiler\ti-cgt-arm_5.2.6\lib\</path>
         <kind>archive</kind>
         <file>rtsv7M4_T_le_v4SPD16_eabi.lib</file>
         <name>strcmp.obj</name>
      </input_file>
      <input_file id="fl-14d">
         <path>C:\ti\ccsv6\tools\compiler\ti-cgt-arm_5.2.6\lib\</path>
         <kind>archive</kind>
         <file>rtsv7M4_T_le_v4SPD16_eabi.lib</file>
         <name>strlen.obj</name>
      </input_file>
      <input_file id="fl-14e">
         <path>C:\ti\ccsv6\tools\compiler\ti-cgt-arm_5.2.6\lib\</path>
         <kind>archive</kind>
         <file>rtsv7M4_T_le_v4SPD16_eabi.lib</file>
         <name>trgdrv.obj</name>
      </input_file>
      <input_file id="fl-14f">
         <path>C:\ti\ccsv6\tools\compiler\ti-cgt-arm_5.2.6\lib\</path>
         <kind>archive</kind>
         <file>rtsv7M4_T_le_v4SPD16_eabi.lib</file>
         <name>trgmsg.obj</name>
      </input_file>
      <input_file id="fl-150">
         <path>C:\ti\ccsv6\tools\compiler\ti-cgt-arm_5.2.6\lib\</path>
         <kind>archive</kind>
         <file>rtsv7M4_T_le_v4SPD16_eabi.lib</file>
         <name>u_divt2.obj</name>
      </input_file>
      <input_file id="fl-151">
         <path>C:\ti\ccsv6\tools\compiler\ti-cgt-arm_5.2.6\lib\</path>
         <kind>archive</kind>
         <file>rtsv7M4_T_le_v4SPD16_eabi.lib</file>
         <name>_lock.obj</name>
      </input_file>
      <input_file id="fl-152">
         <path>C:\ti\ccsv6\tools\compiler\ti-cgt-arm_5.2.6\lib\</path>
         <kind>archive</kind>
         <file>rtsv7M4_T_le_v4SPD16_eabi.lib</file>
         <name>i_div0.obj</name>
      </input_file>
      <input_file id="fl-153">
         <path>C:\ti\ccsv6\tools\compiler\ti-cgt-arm_5.2.6\lib\</path>
         <kind>archive</kind>
         <file>rtsv7M4_T_le_v4SPD16_eabi.lib</file>
         <name>strcpy.obj</name>
      </input_file>
   </input_file_list>
   <object_component_list>
      <object_component id="oc-2ce">
         <name>.text</name>
         <load_address>0x8</load_address>
         <run_address>0x8</run_address>
         <size>0x3dc</size>
         <input_file_ref idref="fl-149"/>
      </object_component>
      <object_component id="oc-318">
         <name>.text:xdc_runtime_System_doPrint__I</name>
         <load_address>0x3e4</load_address>
         <run_address>0x3e4</run_address>
         <size>0x34c</size>
         <input_file_ref idref="fl-1a"/>
      </object_component>
      <object_component id="oc-416">
         <name>.text</name>
         <load_address>0x730</load_address>
         <run_address>0x730</run_address>
         <size>0x2d4</size>
         <input_file_ref idref="fl-14e"/>
      </object_component>
      <object_component id="oc-334">
         <name>.text:ti_catalog_arm_cortexm4_tiva_ce_Boot_sysCtlClockFreqSetI__I</name>
         <load_address>0xa04</load_address>
         <run_address>0xa04</run_address>
         <size>0x204</size>
         <input_file_ref idref="fl-e"/>
      </object_component>
      <object_component id="oc-246">
         <name>.text:xdc_runtime_HeapStd_alloc__E</name>
         <load_address>0xc08</load_address>
         <run_address>0xc08</run_address>
         <size>0x144</size>
         <input_file_ref idref="fl-17"/>
      </object_component>
      <object_component id="oc-529">
         <name>.text:xdc_runtime_Error_policyDefault__E</name>
         <load_address>0xd4c</load_address>
         <run_address>0xd4c</run_address>
         <size>0x118</size>
         <input_file_ref idref="fl-14"/>
      </object_component>
      <object_component id="oc-2ee">
         <name>.text:xdc_runtime_Core_createObject__I</name>
         <load_address>0xe64</load_address>
         <run_address>0xe64</run_address>
         <size>0x100</size>
         <input_file_ref idref="fl-10"/>
      </object_component>
      <object_component id="oc-23c">
         <name>.text:xdc_runtime_Startup_startMods__I</name>
         <load_address>0xf64</load_address>
         <run_address>0xf64</run_address>
         <size>0xf8</size>
         <input_file_ref idref="fl-19"/>
      </object_component>
      <object_component id="oc-4e2">
         <name>.text:xdc_runtime_System_printfExtend__I</name>
         <load_address>0x105c</load_address>
         <run_address>0x105c</run_address>
         <size>0xf8</size>
         <input_file_ref idref="fl-5"/>
      </object_component>
      <object_component id="oc-2f4">
         <name>.text:xdc_runtime_HeapStd_Instance_init__E</name>
         <load_address>0x1154</load_address>
         <run_address>0x1154</run_address>
         <size>0xcc</size>
         <input_file_ref idref="fl-17"/>
      </object_component>
      <object_component id="oc-24c">
         <name>.text:xdc_runtime_HeapStd_free__E</name>
         <load_address>0x1220</load_address>
         <run_address>0x1220</run_address>
         <size>0xa8</size>
         <input_file_ref idref="fl-17"/>
      </object_component>
      <object_component id="oc-56">
         <name>.text</name>
         <load_address>0x12c8</load_address>
         <run_address>0x12c8</run_address>
         <size>0xa0</size>
         <input_file_ref idref="fl-20"/>
      </object_component>
      <object_component id="oc-5d2">
         <name>.text:xdc_runtime_Text_putMod__E</name>
         <load_address>0x1368</load_address>
         <run_address>0x1368</run_address>
         <size>0xa0</size>
         <input_file_ref idref="fl-1c"/>
      </object_component>
      <object_component id="oc-30">
         <name>.text</name>
         <load_address>0x1408</load_address>
         <run_address>0x1408</run_address>
         <size>0x9c</size>
         <input_file_ref idref="fl-148"/>
      </object_component>
      <object_component id="oc-57f">
         <name>.text:xdc_runtime_Text_putSite__E</name>
         <load_address>0x14a4</load_address>
         <run_address>0x14a4</run_address>
         <size>0x9a</size>
         <input_file_ref idref="fl-1c"/>
      </object_component>
      <object_component id="oc-570">
         <name>.text</name>
         <load_address>0x153e</load_address>
         <run_address>0x153e</run_address>
         <size>0x2</size>
         <input_file_ref idref="fl-152"/>
      </object_component>
      <object_component id="oc-2a5">
         <name>.text:ti_catalog_arm_cortexm4_tiva_ce_Boot_sysCtlClockFreqSet__E</name>
         <load_address>0x1540</load_address>
         <run_address>0x1540</run_address>
         <size>0x98</size>
         <input_file_ref idref="fl-d"/>
      </object_component>
      <object_component id="oc-49">
         <name>.text</name>
         <load_address>0x15d8</load_address>
         <run_address>0x15d8</run_address>
         <size>0x7a</size>
         <input_file_ref idref="fl-14a"/>
      </object_component>
      <object_component id="oc-40d">
         <name>.text:xdc_runtime_GateNull_leave__E</name>
         <load_address>0x1652</load_address>
         <run_address>0x1652</run_address>
         <size>0x2</size>
         <input_file_ref idref="fl-16"/>
      </object_component>
      <object_component id="oc-5fb">
         <name>.text:xdc_runtime_Error_print__E</name>
         <load_address>0x1654</load_address>
         <run_address>0x1654</run_address>
         <size>0x6c</size>
         <input_file_ref idref="fl-14"/>
      </object_component>
      <object_component id="oc-533">
         <name>.text:xdc_runtime_Memory_alloc__E</name>
         <load_address>0x16c0</load_address>
         <run_address>0x16c0</run_address>
         <size>0x6c</size>
         <input_file_ref idref="fl-18"/>
      </object_component>
      <object_component id="oc-3c">
         <name>.text</name>
         <load_address>0x172c</load_address>
         <run_address>0x172c</run_address>
         <size>0x6a</size>
         <input_file_ref idref="fl-144"/>
      </object_component>
      <object_component id="oc-6a">
         <name>.text:xdc_runtime_Startup_reset__I</name>
         <load_address>0x1796</load_address>
         <run_address>0x1796</run_address>
         <size>0x2</size>
         <input_file_ref idref="fl-5"/>
      </object_component>
      <object_component id="oc-4eb">
         <name>.text</name>
         <load_address>0x1798</load_address>
         <run_address>0x1798</run_address>
         <size>0x68</size>
         <input_file_ref idref="fl-14f"/>
      </object_component>
      <object_component id="oc-300">
         <name>.text:xdc_runtime_Core_deleteObject__I</name>
         <load_address>0x1800</load_address>
         <run_address>0x1800</run_address>
         <size>0x66</size>
         <input_file_ref idref="fl-10"/>
      </object_component>
      <object_component id="oc-3f6">
         <name>.text:xdc_runtime_System_formatNum__I</name>
         <load_address>0x1868</load_address>
         <run_address>0x1868</run_address>
         <size>0x64</size>
         <input_file_ref idref="fl-1a"/>
      </object_component>
      <object_component id="oc-579">
         <name>.text:xdc_runtime_Text_putLab__E</name>
         <load_address>0x18cc</load_address>
         <run_address>0x18cc</run_address>
         <size>0x5b</size>
         <input_file_ref idref="fl-1c"/>
      </object_component>
      <object_component id="oc-24">
         <name>.text</name>
         <load_address>0x1928</load_address>
         <run_address>0x1928</run_address>
         <size>0x58</size>
         <input_file_ref idref="fl-1f"/>
      </object_component>
      <object_component id="oc-25e">
         <name>.text:xdc_runtime_HeapStd_Object__create__S</name>
         <load_address>0x1980</load_address>
         <run_address>0x1980</run_address>
         <size>0x58</size>
         <input_file_ref idref="fl-5"/>
      </object_component>
      <object_component id="oc-2c2">
         <name>.text:xdc_runtime_Assert_raise__I</name>
         <load_address>0x19d8</load_address>
         <run_address>0x19d8</run_address>
         <size>0x54</size>
         <input_file_ref idref="fl-f"/>
      </object_component>
      <object_component id="oc-423">
         <name>.text:_SysCtlFrequencyGet</name>
         <load_address>0x1a2c</load_address>
         <run_address>0x1a2c</run_address>
         <size>0x50</size>
         <input_file_ref idref="fl-e"/>
      </object_component>
      <object_component id="oc-96">
         <name>.text:xdc_runtime_Startup_exec__E</name>
         <load_address>0x1a7c</load_address>
         <run_address>0x1a7c</run_address>
         <size>0x50</size>
         <input_file_ref idref="fl-19"/>
      </object_component>
      <object_component id="oc-659">
         <name>.text:xdc_runtime_Text_visitRope2__I</name>
         <load_address>0x1acc</load_address>
         <run_address>0x1acc</run_address>
         <size>0x50</size>
         <input_file_ref idref="fl-1c"/>
      </object_component>
      <object_component id="oc-90">
         <name>.text</name>
         <load_address>0x1b1c</load_address>
         <run_address>0x1b1c</run_address>
         <size>0x4c</size>
         <input_file_ref idref="fl-146"/>
      </object_component>
      <object_component id="oc-3a2">
         <name>.text:xdc_runtime_Core_assignParams__I</name>
         <load_address>0x1b68</load_address>
         <run_address>0x1b68</run_address>
         <size>0x46</size>
         <input_file_ref idref="fl-13"/>
      </object_component>
      <object_component id="oc-163">
         <name>.text</name>
         <load_address>0x1bb0</load_address>
         <run_address>0x1bb0</run_address>
         <size>0x44</size>
         <input_file_ref idref="fl-147"/>
      </object_component>
      <object_component id="oc-5a2">
         <name>.text:xdc_runtime_Error_setX__E</name>
         <load_address>0x1bf4</load_address>
         <run_address>0x1bf4</run_address>
         <size>0x44</size>
         <input_file_ref idref="fl-14"/>
      </object_component>
      <object_component id="oc-208">
         <name>.text:xdc_runtime_SysMin_flush__E</name>
         <load_address>0x1c38</load_address>
         <run_address>0x1c38</run_address>
         <size>0x44</size>
         <input_file_ref idref="fl-1b"/>
      </object_component>
      <object_component id="oc-5d8">
         <name>.text:xdc_runtime_Text_xprintf__I</name>
         <load_address>0x1c7c</load_address>
         <run_address>0x1c7c</run_address>
         <size>0x44</size>
         <input_file_ref idref="fl-1c"/>
      </object_component>
      <object_component id="oc-4d8">
         <name>.text</name>
         <load_address>0x1cc0</load_address>
         <run_address>0x1cc0</run_address>
         <size>0x40</size>
         <input_file_ref idref="fl-150"/>
      </object_component>
      <object_component id="oc-445">
         <name>.text:xdc_runtime_SysMin_putch__E</name>
         <load_address>0x1d00</load_address>
         <run_address>0x1d00</run_address>
         <size>0x38</size>
         <input_file_ref idref="fl-1b"/>
      </object_component>
      <object_component id="oc-30b">
         <name>.text:xdc_runtime_Core_assignLabel__I</name>
         <load_address>0x1d38</load_address>
         <run_address>0x1d38</run_address>
         <size>0x34</size>
         <input_file_ref idref="fl-12"/>
      </object_component>
      <object_component id="oc-619">
         <name>.text:xdc_runtime_Text_printVisFxn__I</name>
         <load_address>0x1d6c</load_address>
         <run_address>0x1d6c</run_address>
         <size>0x33</size>
         <input_file_ref idref="fl-1c"/>
      </object_component>
      <object_component id="oc-34b">
         <name>.text:xdc_runtime_SysMin_abort__E</name>
         <load_address>0x1da0</load_address>
         <run_address>0x1da0</run_address>
         <size>0x30</size>
         <input_file_ref idref="fl-1b"/>
      </object_component>
      <object_component id="oc-a5">
         <name>.text:xdc_runtime_System_processAtExit__E</name>
         <load_address>0x1dd0</load_address>
         <run_address>0x1dd0</run_address>
         <size>0x30</size>
         <input_file_ref idref="fl-1a"/>
      </object_component>
      <object_component id="oc-3d9">
         <name>.text:xdc_runtime_Text_cordText__E</name>
         <load_address>0x1e00</load_address>
         <run_address>0x1e00</run_address>
         <size>0x2c</size>
         <input_file_ref idref="fl-1c"/>
      </object_component>
      <object_component id="oc-3fc">
         <name>.text:xdc_runtime_System_putchar__I</name>
         <load_address>0x1e2c</load_address>
         <run_address>0x1e2c</run_address>
         <size>0x2a</size>
         <input_file_ref idref="fl-1a"/>
      </object_component>
      <object_component id="oc-660">
         <name>.text:xdc_runtime_System_avprintf__E</name>
         <load_address>0x1e56</load_address>
         <run_address>0x1e56</run_address>
         <size>0x26</size>
         <input_file_ref idref="fl-1a"/>
      </object_component>
      <object_component id="oc-279">
         <name>.text:xdc_runtime_System_vprintf__E</name>
         <load_address>0x1e7c</load_address>
         <run_address>0x1e7c</run_address>
         <size>0x24</size>
         <input_file_ref idref="fl-1a"/>
      </object_component>
      <object_component id="oc-9d">
         <name>.text</name>
         <load_address>0x1ea0</load_address>
         <run_address>0x1ea0</run_address>
         <size>0x22</size>
         <input_file_ref idref="fl-2"/>
      </object_component>
      <object_component id="oc-329">
         <name>.text:xdc_runtime_SysMin_output__I</name>
         <load_address>0x1ec2</load_address>
         <run_address>0x1ec2</run_address>
         <size>0x22</size>
         <input_file_ref idref="fl-5"/>
      </object_component>
      <object_component id="oc-41d">
         <name>.text:_SysCtlMemTimingGet</name>
         <load_address>0x1ee4</load_address>
         <run_address>0x1ee4</run_address>
         <size>0x20</size>
         <input_file_ref idref="fl-e"/>
      </object_component>
      <object_component id="oc-60a">
         <name>.text:xdc_runtime_Registry_findById__E</name>
         <load_address>0x1f04</load_address>
         <run_address>0x1f04</run_address>
         <size>0x20</size>
         <input_file_ref idref="fl-1e"/>
      </object_component>
      <object_component id="oc-456">
         <name>.text:xdc_runtime_SysMin_Module_startup__E</name>
         <load_address>0x1f24</load_address>
         <run_address>0x1f24</run_address>
         <size>0x20</size>
         <input_file_ref idref="fl-1b"/>
      </object_component>
      <object_component id="oc-375">
         <name>.text:xdc_runtime_Error_raiseX__E</name>
         <load_address>0x1f44</load_address>
         <run_address>0x1f44</run_address>
         <size>0x1c</size>
         <input_file_ref idref="fl-14"/>
      </object_component>
      <object_component id="oc-264">
         <name>.text:xdc_runtime_HeapStd_Object__delete__S</name>
         <load_address>0x1f60</load_address>
         <run_address>0x1f60</run_address>
         <size>0x1c</size>
         <input_file_ref idref="fl-5"/>
      </object_component>
      <object_component id="oc-480">
         <name>.text:xdc_runtime_Memory_valloc__E</name>
         <load_address>0x1f7c</load_address>
         <run_address>0x1f7c</run_address>
         <size>0x1c</size>
         <input_file_ref idref="fl-18"/>
      </object_component>
      <object_component id="oc-15c">
         <name>.text:xdc_runtime_SysMin_exit__E</name>
         <load_address>0x1f98</load_address>
         <run_address>0x1f98</run_address>
         <size>0x1c</size>
         <input_file_ref idref="fl-1b"/>
      </object_component>
      <object_component id="oc-2ac">
         <name>.text:xdc_runtime_System_abort__E</name>
         <load_address>0x1fb4</load_address>
         <run_address>0x1fb4</run_address>
         <size>0x1c</size>
         <input_file_ref idref="fl-1a"/>
      </object_component>
      <object_component id="oc-26a">
         <name>.text:xdc_runtime_HeapStd_Handle__label__S</name>
         <load_address>0x1fd0</load_address>
         <run_address>0x1fd0</run_address>
         <size>0x1a</size>
         <input_file_ref idref="fl-5"/>
      </object_component>
      <object_component id="oc-62e">
         <name>.text:xdc_runtime_System_aprintf__E</name>
         <load_address>0x1fea</load_address>
         <run_address>0x1fea</run_address>
         <size>0x1a</size>
         <input_file_ref idref="fl-5"/>
      </object_component>
      <object_component id="oc-148">
         <name>.text:xdc_runtime_System_printf__E</name>
         <load_address>0x2004</load_address>
         <run_address>0x2004</run_address>
         <size>0x1a</size>
         <input_file_ref idref="fl-5"/>
      </object_component>
      <object_component id="oc-5b">
         <name>.text</name>
         <load_address>0x2020</load_address>
         <run_address>0x2020</run_address>
         <size>0x18</size>
         <input_file_ref idref="fl-142"/>
      </object_component>
      <object_component id="oc-2fa">
         <name>.text:xdc_runtime_Error_check__E</name>
         <load_address>0x2038</load_address>
         <run_address>0x2038</run_address>
         <size>0x18</size>
         <input_file_ref idref="fl-14"/>
      </object_component>
      <object_component id="oc-61">
         <name>.text:xdc_runtime_System_exit__E</name>
         <load_address>0x2050</load_address>
         <run_address>0x2050</run_address>
         <size>0x18</size>
         <input_file_ref idref="fl-1a"/>
      </object_component>
      <object_component id="oc-36f">
         <name>.text:xdc_runtime_Text_ropeText__E</name>
         <load_address>0x2068</load_address>
         <run_address>0x2068</run_address>
         <size>0x18</size>
         <input_file_ref idref="fl-1c"/>
      </object_component>
      <object_component id="oc-297">
         <name>.text</name>
         <load_address>0x2080</load_address>
         <run_address>0x2080</run_address>
         <size>0x14</size>
         <input_file_ref idref="fl-151"/>
      </object_component>
      <object_component id="oc-4f1">
         <name>.text</name>
         <load_address>0x2094</load_address>
         <run_address>0x2094</run_address>
         <size>0x14</size>
         <input_file_ref idref="fl-153"/>
      </object_component>
      <object_component id="oc-3f0">
         <name>.text</name>
         <load_address>0x20a8</load_address>
         <run_address>0x20a8</run_address>
         <size>0x14</size>
         <input_file_ref idref="fl-14d"/>
      </object_component>
      <object_component id="oc-234">
         <name>.text:.bootCodeSection:ti_catalog_arm_cortexm4_tiva_ce_Boot_init__I</name>
         <load_address>0x20bc</load_address>
         <run_address>0x20bc</run_address>
         <size>0x10</size>
         <input_file_ref idref="fl-5"/>
      </object_component>
      <object_component id="oc-289">
         <name>.text:xdc_runtime_Gate_leaveSystem__E</name>
         <load_address>0x20cc</load_address>
         <run_address>0x20cc</run_address>
         <size>0x10</size>
         <input_file_ref idref="fl-15"/>
      </object_component>
      <object_component id="oc-3cd">
         <name>.text:xdc_runtime_Memory_free__E</name>
         <load_address>0x20dc</load_address>
         <run_address>0x20dc</run_address>
         <size>0x10</size>
         <input_file_ref idref="fl-18"/>
      </object_component>
      <object_component id="oc-312">
         <name>.text:xdc_runtime_SysMin_ready__E</name>
         <load_address>0x20ec</load_address>
         <run_address>0x20ec</run_address>
         <size>0x10</size>
         <input_file_ref idref="fl-1b"/>
      </object_component>
      <object_component id="oc-620">
         <name>.text:xdc_runtime_System_vsnprintf__E</name>
         <load_address>0x20fc</load_address>
         <run_address>0x20fc</run_address>
         <size>0x10</size>
         <input_file_ref idref="fl-1a"/>
      </object_component>
      <object_component id="oc-63b">
         <name>.text:xdc_runtime_Text_visitRope__I</name>
         <load_address>0x210c</load_address>
         <run_address>0x210c</run_address>
         <size>0x10</size>
         <input_file_ref idref="fl-5"/>
      </object_component>
      <object_component id="oc-12">
         <name>.text:decompress:none</name>
         <load_address>0x211c</load_address>
         <run_address>0x211c</run_address>
         <size>0xe</size>
         <input_file_ref idref="fl-143"/>
      </object_component>
      <object_component id="oc-258">
         <name>.text:xdc_runtime_HeapStd_getStats__E</name>
         <load_address>0x212a</load_address>
         <run_address>0x212a</run_address>
         <size>0xe</size>
         <input_file_ref idref="fl-17"/>
      </object_component>
      <object_component id="oc-1e">
         <name>.text:decompress:ZI</name>
         <load_address>0x2138</load_address>
         <run_address>0x2138</run_address>
         <size>0xc</size>
         <input_file_ref idref="fl-145"/>
      </object_component>
      <object_component id="oc-5e6">
         <name>.text:xdc_runtime_Error_init__E</name>
         <load_address>0x2144</load_address>
         <run_address>0x2144</run_address>
         <size>0xc</size>
         <input_file_ref idref="fl-14"/>
      </object_component>
      <object_component id="oc-156">
         <name>.text:xdc_runtime_Gate_enterSystem__E</name>
         <load_address>0x2150</load_address>
         <run_address>0x2150</run_address>
         <size>0xc</size>
         <input_file_ref idref="fl-15"/>
      </object_component>
      <object_component id="oc-3a8">
         <name>.text:xdc_runtime_Memory_calloc__E</name>
         <load_address>0x215c</load_address>
         <run_address>0x215c</run_address>
         <size>0xc</size>
         <input_file_ref idref="fl-18"/>
      </object_component>
      <object_component id="oc-2c8">
         <name>.text:xdc_runtime_Memory_getMaxDefaultTypeAlign__E</name>
         <load_address>0x2168</load_address>
         <run_address>0x2168</run_address>
         <size>0xc</size>
         <input_file_ref idref="fl-18"/>
      </object_component>
      <object_component id="oc-1d9">
         <name>.text:xdc_runtime_Startup_exec__I</name>
         <load_address>0x2174</load_address>
         <run_address>0x2174</run_address>
         <size>0xc</size>
         <input_file_ref idref="fl-5"/>
      </object_component>
      <object_component id="oc-5c4">
         <name>.text:xdc_runtime_IHeap_alloc</name>
         <load_address>0x2180</load_address>
         <run_address>0x2180</run_address>
         <size>0xa</size>
         <input_file_ref idref="fl-5"/>
      </object_component>
      <object_component id="oc-4bd">
         <name>.text:xdc_runtime_IHeap_free</name>
         <load_address>0x218a</load_address>
         <run_address>0x218a</run_address>
         <size>0xa</size>
         <input_file_ref idref="fl-5"/>
      </object_component>
      <object_component id="oc-1ef">
         <name>.text:__xdc__init</name>
         <load_address>0x2194</load_address>
         <run_address>0x2194</run_address>
         <size>0x6</size>
         <input_file_ref idref="fl-1d"/>
      </object_component>
      <object_component id="oc-18">
         <name>.text:decompress:rle24</name>
         <load_address>0x219a</load_address>
         <run_address>0x219a</run_address>
         <size>0x6</size>
         <input_file_ref idref="fl-144"/>
      </object_component>
      <object_component id="oc-450">
         <name>.text:xdc_runtime_System_Module_startup__E</name>
         <load_address>0x21a0</load_address>
         <run_address>0x21a0</run_address>
         <size>0x6</size>
         <input_file_ref idref="fl-1a"/>
      </object_component>
      <object_component id="oc-628">
         <name>.text:xdc_runtime_Error_getSite__E</name>
         <load_address>0x21a6</load_address>
         <run_address>0x21a6</run_address>
         <size>0x4</size>
         <input_file_ref idref="fl-14"/>
      </object_component>
      <object_component id="oc-280">
         <name>.text:xdc_runtime_GateNull_enter__E</name>
         <load_address>0x21aa</load_address>
         <run_address>0x21aa</run_address>
         <size>0x4</size>
         <input_file_ref idref="fl-16"/>
      </object_component>
      <object_component id="oc-252">
         <name>.text:xdc_runtime_HeapStd_isBlocking__E</name>
         <load_address>0x21ae</load_address>
         <run_address>0x21ae</run_address>
         <size>0x4</size>
         <input_file_ref idref="fl-17"/>
      </object_component>
      <object_component id="oc-1fe">
         <name>.text:xdc_runtime_System_Module_GateProxy_enter__E</name>
         <load_address>0x21b2</load_address>
         <run_address>0x21b2</run_address>
         <size>0x4</size>
         <input_file_ref idref="fl-5"/>
      </object_component>
      <object_component id="oc-321">
         <name>.text:xdc_runtime_System_Module_GateProxy_leave__E</name>
         <load_address>0x21b6</load_address>
         <run_address>0x21b6</run_address>
         <size>0x4</size>
         <input_file_ref idref="fl-5"/>
      </object_component>
      <object_component id="oc-646">
         <name>.text:xdc_runtime_System_aprintf_va__F</name>
         <load_address>0x21ba</load_address>
         <run_address>0x21ba</run_address>
         <size>0x4</size>
         <input_file_ref idref="fl-1a"/>
      </object_component>
      <object_component id="oc-1f7">
         <name>.text:xdc_runtime_System_printf_va__F</name>
         <load_address>0x21be</load_address>
         <run_address>0x21be</run_address>
         <size>0x4</size>
         <input_file_ref idref="fl-1a"/>
      </object_component>
      <object_component id="oc-1e9">
         <name>.const:xdc_runtime_Text_charTab__A</name>
         <load_address>0x21c4</load_address>
         <run_address>0x21c4</run_address>
         <size>0x473</size>
         <input_file_ref idref="fl-5"/>
      </object_component>
      <object_component id="oc-3c8">
         <name>.const:xdc_runtime_Error_policy__C</name>
         <load_address>0x2637</load_address>
         <run_address>0x2637</run_address>
         <size>0x1</size>
         <input_file_ref idref="fl-5"/>
      </object_component>
      <object_component id="oc-42c">
         <name>.const:g_pppui32XTALtoVCO</name>
         <load_address>0x2638</load_address>
         <run_address>0x2638</run_address>
         <size>0x120</size>
         <input_file_ref idref="fl-e"/>
      </object_component>
      <object_component id="oc-429">
         <name>.const:g_pui32Xtals</name>
         <load_address>0x2758</load_address>
         <run_address>0x2758</run_address>
         <size>0x6c</size>
         <input_file_ref idref="fl-e"/>
      </object_component>
      <object_component id="oc-1ec">
         <name>.const:xdc_runtime_Text_nodeTab__A</name>
         <load_address>0x27c4</load_address>
         <run_address>0x27c4</run_address>
         <size>0x60</size>
         <input_file_ref idref="fl-5"/>
      </object_component>
      <object_component id="oc-4cd">
         <name>.const:.string</name>
         <load_address>0x2824</load_address>
         <run_address>0x2824</run_address>
         <size>0x48</size>
         <input_file_ref idref="fl-5"/>
      </object_component>
      <object_component id="oc-505">
         <name>.const:g_sXTALtoMEMTIM</name>
         <load_address>0x286c</load_address>
         <run_address>0x286c</run_address>
         <size>0x30</size>
         <input_file_ref idref="fl-e"/>
      </object_component>
      <object_component id="oc-1e3">
         <name>.const:xdc_runtime_HeapStd_Module__FXNS__C</name>
         <load_address>0x289c</load_address>
         <run_address>0x289c</run_address>
         <size>0x28</size>
         <input_file_ref idref="fl-5"/>
      </object_component>
      <object_component id="oc-306">
         <name>.const:xdc_runtime_HeapStd_Object__DESC__C</name>
         <load_address>0x28c4</load_address>
         <run_address>0x28c4</run_address>
         <size>0x20</size>
         <input_file_ref idref="fl-5"/>
      </object_component>
      <object_component id="oc-3d4">
         <name>.const:xdc_runtime_HeapStd_Object__PARAMS__C</name>
         <load_address>0x28e4</load_address>
         <run_address>0x28e4</run_address>
         <size>0x1c</size>
         <input_file_ref idref="fl-5"/>
      </object_component>
      <object_component id="oc-4dd">
         <name>.const:.string</name>
         <load_address>0x2900</load_address>
         <run_address>0x2900</run_address>
         <size>0x11</size>
         <input_file_ref idref="fl-1a"/>
      </object_component>
      <object_component id="oc-346">
         <name>.const:ti_catalog_arm_cortexm4_tiva_ce_Boot_Module__id__C</name>
         <load_address>0x2912</load_address>
         <run_address>0x2912</run_address>
         <size>0x2</size>
         <input_file_ref idref="fl-5"/>
      </object_component>
      <object_component id="oc-42f">
         <name>.const</name>
         <load_address>0x2914</load_address>
         <run_address>0x2914</run_address>
         <size>0x8</size>
         <input_file_ref idref="fl-e"/>
      </object_component>
      <object_component id="oc-13b">
         <name>.const:xdc_runtime_Startup_firstFxns__C</name>
         <load_address>0x291c</load_address>
         <run_address>0x291c</run_address>
         <size>0x8</size>
         <input_file_ref idref="fl-5"/>
      </object_component>
      <object_component id="oc-141">
         <name>.const:xdc_runtime_Startup_lastFxns__C</name>
         <load_address>0x2924</load_address>
         <run_address>0x2924</run_address>
         <size>0x8</size>
         <input_file_ref idref="fl-5"/>
      </object_component>
      <object_component id="oc-35a">
         <name>.const:xdc_runtime_Startup_sfxnTab__A</name>
         <load_address>0x292c</load_address>
         <run_address>0x292c</run_address>
         <size>0x8</size>
         <input_file_ref idref="fl-5"/>
      </object_component>
      <object_component id="oc-33a">
         <name>.const:ti_catalog_arm_cortexm4_tiva_ce_Boot_A_mustNotUseEnhancedClockMode__C</name>
         <load_address>0x2934</load_address>
         <run_address>0x2934</run_address>
         <size>0x4</size>
         <input_file_ref idref="fl-5"/>
      </object_component>
      <object_component id="oc-340">
         <name>.const:ti_catalog_arm_cortexm4_tiva_ce_Boot_Module__diagsEnabled__C</name>
         <load_address>0x2938</load_address>
         <run_address>0x2938</run_address>
         <size>0x4</size>
         <input_file_ref idref="fl-5"/>
      </object_component>
      <object_component id="oc-33d">
         <name>.const:ti_catalog_arm_cortexm4_tiva_ce_Boot_Module__diagsIncluded__C</name>
         <load_address>0x293c</load_address>
         <run_address>0x293c</run_address>
         <size>0x4</size>
         <input_file_ref idref="fl-5"/>
      </object_component>
      <object_component id="oc-343">
         <name>.const:ti_catalog_arm_cortexm4_tiva_ce_Boot_Module__diagsMask__C</name>
         <load_address>0x2940</load_address>
         <run_address>0x2940</run_address>
         <size>0x4</size>
         <input_file_ref idref="fl-5"/>
      </object_component>
      <object_component id="oc-37e">
         <name>.const:xdc_runtime_Assert_E_assertFailed__C</name>
         <load_address>0x2944</load_address>
         <run_address>0x2944</run_address>
         <size>0x4</size>
         <input_file_ref idref="fl-5"/>
      </object_component>
      <object_component id="oc-3b7">
         <name>.const:xdc_runtime_Core_A_initializedParams__C</name>
         <load_address>0x2948</load_address>
         <run_address>0x2948</run_address>
         <size>0x4</size>
         <input_file_ref idref="fl-5"/>
      </object_component>
      <object_component id="oc-3b1">
         <name>.const:xdc_runtime_Core_Module__diagsEnabled__C</name>
         <load_address>0x294c</load_address>
         <run_address>0x294c</run_address>
         <size>0x4</size>
         <input_file_ref idref="fl-5"/>
      </object_component>
      <object_component id="oc-3ae">
         <name>.const:xdc_runtime_Core_Module__diagsIncluded__C</name>
         <load_address>0x2950</load_address>
         <run_address>0x2950</run_address>
         <size>0x4</size>
         <input_file_ref idref="fl-5"/>
      </object_component>
      <object_component id="oc-3b4">
         <name>.const:xdc_runtime_Core_Module__diagsMask__C</name>
         <load_address>0x2954</load_address>
         <run_address>0x2954</run_address>
         <size>0x4</size>
         <input_file_ref idref="fl-5"/>
      </object_component>
      <object_component id="oc-5cd">
         <name>.const:xdc_runtime_Error_E_memory__C</name>
         <load_address>0x2958</load_address>
         <run_address>0x2958</run_address>
         <size>0x4</size>
         <input_file_ref idref="fl-5"/>
      </object_component>
      <object_component id="oc-5b1">
         <name>.const:xdc_runtime_Error_Module__diagsEnabled__C</name>
         <load_address>0x295c</load_address>
         <run_address>0x295c</run_address>
         <size>0x4</size>
         <input_file_ref idref="fl-5"/>
      </object_component>
      <object_component id="oc-5ae">
         <name>.const:xdc_runtime_Error_Module__diagsIncluded__C</name>
         <load_address>0x2960</load_address>
         <run_address>0x2960</run_address>
         <size>0x4</size>
         <input_file_ref idref="fl-5"/>
      </object_component>
      <object_component id="oc-5b4">
         <name>.const:xdc_runtime_Error_Module__diagsMask__C</name>
         <load_address>0x2964</load_address>
         <run_address>0x2964</run_address>
         <size>0x4</size>
         <input_file_ref idref="fl-5"/>
      </object_component>
      <object_component id="oc-5ba">
         <name>.const:xdc_runtime_Error_Module__loggerFxn8__C</name>
         <load_address>0x2968</load_address>
         <run_address>0x2968</run_address>
         <size>0x4</size>
         <input_file_ref idref="fl-5"/>
      </object_component>
      <object_component id="oc-5b7">
         <name>.const:xdc_runtime_Error_Module__loggerObj__C</name>
         <load_address>0x296c</load_address>
         <run_address>0x296c</run_address>
         <size>0x4</size>
         <input_file_ref idref="fl-5"/>
      </object_component>
      <object_component id="oc-468">
         <name>.const:xdc_runtime_Error_policyFxn__C</name>
         <load_address>0x2970</load_address>
         <run_address>0x2970</run_address>
         <size>0x4</size>
         <input_file_ref idref="fl-5"/>
      </object_component>
      <object_component id="oc-5bd">
         <name>.const:xdc_runtime_Error_raiseHook__C</name>
         <load_address>0x2974</load_address>
         <run_address>0x2974</run_address>
         <size>0x4</size>
         <input_file_ref idref="fl-5"/>
      </object_component>
      <object_component id="oc-2da">
         <name>.const:xdc_runtime_HeapStd_A_align__C</name>
         <load_address>0x2978</load_address>
         <run_address>0x2978</run_address>
         <size>0x4</size>
         <input_file_ref idref="fl-5"/>
      </object_component>
      <object_component id="oc-2e8">
         <name>.const:xdc_runtime_HeapStd_A_invalidTotalFreeSize__C</name>
         <load_address>0x297c</load_address>
         <run_address>0x297c</run_address>
         <size>0x4</size>
         <input_file_ref idref="fl-5"/>
      </object_component>
      <object_component id="oc-2d4">
         <name>.const:xdc_runtime_HeapStd_A_zeroSize__C</name>
         <load_address>0x2980</load_address>
         <run_address>0x2980</run_address>
         <size>0x4</size>
         <input_file_ref idref="fl-5"/>
      </object_component>
      <object_component id="oc-3c4">
         <name>.const:xdc_runtime_HeapStd_E_noRTSMemory__C</name>
         <load_address>0x2984</load_address>
         <run_address>0x2984</run_address>
         <size>0x4</size>
         <input_file_ref idref="fl-5"/>
      </object_component>
      <object_component id="oc-2e0">
         <name>.const:xdc_runtime_HeapStd_Module__diagsEnabled__C</name>
         <load_address>0x2988</load_address>
         <run_address>0x2988</run_address>
         <size>0x4</size>
         <input_file_ref idref="fl-5"/>
      </object_component>
      <object_component id="oc-2dd">
         <name>.const:xdc_runtime_HeapStd_Module__diagsIncluded__C</name>
         <load_address>0x298c</load_address>
         <run_address>0x298c</run_address>
         <size>0x4</size>
         <input_file_ref idref="fl-5"/>
      </object_component>
      <object_component id="oc-2e3">
         <name>.const:xdc_runtime_HeapStd_Module__diagsMask__C</name>
         <load_address>0x2990</load_address>
         <run_address>0x2990</run_address>
         <size>0x4</size>
         <input_file_ref idref="fl-5"/>
      </object_component>
      <object_component id="oc-243">
         <name>.const:xdc_runtime_IHeap_Interface__BASE__C</name>
         <load_address>0x2994</load_address>
         <run_address>0x2994</run_address>
         <size>0x4</size>
         <input_file_ref idref="fl-5"/>
      </object_component>
      <object_component id="oc-2bd">
         <name>.const:xdc_runtime_IModule_Interface__BASE__C</name>
         <load_address>0x2998</load_address>
         <run_address>0x2998</run_address>
         <size>0x4</size>
         <input_file_ref idref="fl-5"/>
      </object_component>
      <object_component id="oc-5a8">
         <name>.const:xdc_runtime_Log_L_error__C</name>
         <load_address>0x299c</load_address>
         <run_address>0x299c</run_address>
         <size>0x4</size>
         <input_file_ref idref="fl-5"/>
      </object_component>
      <object_component id="oc-4c3">
         <name>.const:xdc_runtime_Memory_defaultHeapInstance__C</name>
         <load_address>0x29a0</load_address>
         <run_address>0x29a0</run_address>
         <size>0x4</size>
         <input_file_ref idref="fl-5"/>
      </object_component>
      <object_component id="oc-13e">
         <name>.const:xdc_runtime_Startup_execImpl__C</name>
         <load_address>0x29a4</load_address>
         <run_address>0x29a4</run_address>
         <size>0x4</size>
         <input_file_ref idref="fl-5"/>
      </object_component>
      <object_component id="oc-1d4">
         <name>.const:xdc_runtime_Startup_firstFxns__A</name>
         <load_address>0x29a8</load_address>
         <run_address>0x29a8</run_address>
         <size>0x4</size>
         <input_file_ref idref="fl-5"/>
      </object_component>
      <object_component id="oc-2b8">
         <name>.const:xdc_runtime_Startup_maxPasses__C</name>
         <load_address>0x29ac</load_address>
         <run_address>0x29ac</run_address>
         <size>0x4</size>
         <input_file_ref idref="fl-5"/>
      </object_component>
      <object_component id="oc-355">
         <name>.const:xdc_runtime_Startup_sfxnRts__A</name>
         <load_address>0x29b0</load_address>
         <run_address>0x29b0</run_address>
         <size>0x4</size>
         <input_file_ref idref="fl-5"/>
      </object_component>
      <object_component id="oc-2b2">
         <name>.const:xdc_runtime_Startup_sfxnRts__C</name>
         <load_address>0x29b4</load_address>
         <run_address>0x29b4</run_address>
         <size>0x4</size>
         <input_file_ref idref="fl-5"/>
      </object_component>
      <object_component id="oc-2b5">
         <name>.const:xdc_runtime_Startup_sfxnTab__C</name>
         <load_address>0x29b8</load_address>
         <run_address>0x29b8</run_address>
         <size>0x4</size>
         <input_file_ref idref="fl-5"/>
      </object_component>
      <object_component id="oc-211">
         <name>.const:xdc_runtime_SysMin_bufSize__C</name>
         <load_address>0x29bc</load_address>
         <run_address>0x29bc</run_address>
         <size>0x4</size>
         <input_file_ref idref="fl-5"/>
      </object_component>
      <object_component id="oc-28f">
         <name>.const:xdc_runtime_SysMin_outputFunc__C</name>
         <load_address>0x29c0</load_address>
         <run_address>0x29c0</run_address>
         <size>0x4</size>
         <input_file_ref idref="fl-5"/>
      </object_component>
      <object_component id="oc-204">
         <name>.const:xdc_runtime_System_Module__gateObj__C</name>
         <load_address>0x29c4</load_address>
         <run_address>0x29c4</run_address>
         <size>0x4</size>
         <input_file_ref idref="fl-5"/>
      </object_component>
      <object_component id="oc-351">
         <name>.const:xdc_runtime_System_abortFxn__C</name>
         <load_address>0x29c8</load_address>
         <run_address>0x29c8</run_address>
         <size>0x4</size>
         <input_file_ref idref="fl-5"/>
      </object_component>
      <object_component id="oc-ab">
         <name>.const:xdc_runtime_System_exitFxn__C</name>
         <load_address>0x29cc</load_address>
         <run_address>0x29cc</run_address>
         <size>0x4</size>
         <input_file_ref idref="fl-5"/>
      </object_component>
      <object_component id="oc-402">
         <name>.const:xdc_runtime_System_extendFxn__C</name>
         <load_address>0x29d0</load_address>
         <run_address>0x29d0</run_address>
         <size>0x4</size>
         <input_file_ref idref="fl-5"/>
      </object_component>
      <object_component id="oc-45e">
         <name>.const:xdc_runtime_Text_charTab__C</name>
         <load_address>0x29d4</load_address>
         <run_address>0x29d4</run_address>
         <size>0x4</size>
         <input_file_ref idref="fl-5"/>
      </object_component>
      <object_component id="oc-3e2">
         <name>.const:xdc_runtime_Text_nameEmpty__C</name>
         <load_address>0x29d8</load_address>
         <run_address>0x29d8</run_address>
         <size>0x4</size>
         <input_file_ref idref="fl-5"/>
      </object_component>
      <object_component id="oc-3e5">
         <name>.const:xdc_runtime_Text_nameStatic__C</name>
         <load_address>0x29dc</load_address>
         <run_address>0x29dc</run_address>
         <size>0x4</size>
         <input_file_ref idref="fl-5"/>
      </object_component>
      <object_component id="oc-3df">
         <name>.const:xdc_runtime_Text_nameUnknown__C</name>
         <load_address>0x29e0</load_address>
         <run_address>0x29e0</run_address>
         <size>0x4</size>
         <input_file_ref idref="fl-5"/>
      </object_component>
      <object_component id="oc-667">
         <name>.const:xdc_runtime_Text_nodeTab__C</name>
         <load_address>0x29e4</load_address>
         <run_address>0x29e4</run_address>
         <size>0x4</size>
         <input_file_ref idref="fl-5"/>
      </object_component>
      <object_component id="oc-616">
         <name>.const:xdc_runtime_Text_visitRopeFxn__C</name>
         <load_address>0x29e8</load_address>
         <run_address>0x29e8</run_address>
         <size>0x4</size>
         <input_file_ref idref="fl-5"/>
      </object_component>
      <object_component id="oc-3ba">
         <name>.const:xdc_runtime_Core_Module__id__C</name>
         <load_address>0x29ec</load_address>
         <run_address>0x29ec</run_address>
         <size>0x2</size>
         <input_file_ref idref="fl-5"/>
      </object_component>
      <object_component id="oc-5ab">
         <name>.const:xdc_runtime_Error_Module__loggerDefined__C</name>
         <load_address>0x29ee</load_address>
         <run_address>0x29ee</run_address>
         <size>0x2</size>
         <input_file_ref idref="fl-5"/>
      </object_component>
      <object_component id="oc-5c0">
         <name>.const:xdc_runtime_Error_maxDepth__C</name>
         <load_address>0x29f0</load_address>
         <run_address>0x29f0</run_address>
         <size>0x2</size>
         <input_file_ref idref="fl-5"/>
      </object_component>
      <object_component id="oc-2d7">
         <name>.const:xdc_runtime_HeapStd_Module__id__C</name>
         <load_address>0x29f2</load_address>
         <run_address>0x29f2</run_address>
         <size>0x2</size>
         <input_file_ref idref="fl-5"/>
      </object_component>
      <object_component id="oc-5ca">
         <name>.const:xdc_runtime_Memory_Module__id__C</name>
         <load_address>0x29f4</load_address>
         <run_address>0x29f4</run_address>
         <size>0x2</size>
         <input_file_ref idref="fl-5"/>
      </object_component>
      <object_component id="oc-20e">
         <name>.const:xdc_runtime_SysMin_flushAtExit__C</name>
         <load_address>0x29f6</load_address>
         <run_address>0x29f6</run_address>
         <size>0x2</size>
         <input_file_ref idref="fl-5"/>
      </object_component>
      <object_component id="oc-4c9">
         <name>.const:xdc_runtime_Text_charCnt__C</name>
         <load_address>0x29f8</load_address>
         <run_address>0x29f8</run_address>
         <size>0x2</size>
         <input_file_ref idref="fl-5"/>
      </object_component>
      <object_component id="oc-37b">
         <name>.const:xdc_runtime_Text_isLoaded__C</name>
         <load_address>0x29fa</load_address>
         <run_address>0x29fa</run_address>
         <size>0x2</size>
         <input_file_ref idref="fl-5"/>
      </object_component>
      <object_component id="oc-610">
         <name>.const:xdc_runtime_Text_registryModsLastId__C</name>
         <load_address>0x29fc</load_address>
         <run_address>0x29fc</run_address>
         <size>0x2</size>
         <input_file_ref idref="fl-5"/>
      </object_component>
      <object_component id="oc-613">
         <name>.const:xdc_runtime_Text_unnamedModsLastId__C</name>
         <load_address>0x29fe</load_address>
         <run_address>0x29fe</run_address>
         <size>0x2</size>
         <input_file_ref idref="fl-5"/>
      </object_component>
      <object_component id="oc-693">
         <name>.cinit..data.load</name>
         <load_address>0x2c00</load_address>
         <run_address>0x2c00</run_address>
         <size>0x5c</size>
      </object_component>
      <object_component id="oc-691">
         <name>__TI_handler_table</name>
         <load_address>0x2c5c</load_address>
         <run_address>0x2c5c</run_address>
         <size>0xc</size>
      </object_component>
      <object_component id="oc-694">
         <name>.cinit..bss.load</name>
         <load_address>0x2c68</load_address>
         <run_address>0x2c68</run_address>
         <size>0x8</size>
      </object_component>
      <object_component id="oc-692">
         <name>__TI_cinit_table</name>
         <load_address>0x2c70</load_address>
         <run_address>0x2c70</run_address>
         <size>0x10</size>
      </object_component>
      <object_component id="oc-2d">
         <name>.sysmem</name>
         <uninitialized>true</uninitialized>
         <run_address>0x20001000</run_address>
         <size>0x8</size>
         <input_file_ref idref="fl-149"/>
      </object_component>
      <object_component id="oc-696">
         <name>.sysmem</name>
         <uninitialized>true</uninitialized>
         <run_address>0x20001000</run_address>
         <size>0x0</size>
      </object_component>
      <object_component id="oc-2c">
         <name>.stack</name>
         <uninitialized>true</uninitialized>
         <run_address>0x20000000</run_address>
         <size>0x0</size>
         <input_file_ref idref="fl-1f"/>
      </object_component>
      <object_component id="oc-695">
         <name>.stack</name>
         <uninitialized>true</uninitialized>
         <run_address>0x20000000</run_address>
         <size>0x0</size>
      </object_component>
      <object_component id="oc-55">
         <name>.bootVecs</name>
         <load_address>0x0</load_address>
         <run_address>0x0</run_address>
         <size>0x8</size>
         <input_file_ref idref="fl-1f"/>
      </object_component>
      <object_component id="oc-29">
         <name>xdc.meta</name>
         <load_address>0x0</load_address>
         <run_address>0x0</run_address>
         <size>0xe8</size>
         <input_file_ref idref="fl-5"/>
      </object_component>
      <object_component id="oc-1e6">
         <name>.bss:xdc_runtime_SysMin_Module_State_0_outbuf__A</name>
         <uninitialized>true</uninitialized>
         <run_address>0x20002000</run_address>
         <size>0x400</size>
         <input_file_ref idref="fl-5"/>
      </object_component>
      <object_component id="oc-586">
         <name>.bss:__CIOBUF_</name>
         <uninitialized>true</uninitialized>
         <run_address>0x20002400</run_address>
         <size>0x120</size>
         <input_file_ref idref="fl-14f"/>
      </object_component>
      <object_component id="oc-4f7">
         <name>.common:parmbuf</name>
         <uninitialized>true</uninitialized>
         <run_address>0x20002520</run_address>
         <size>0x8</size>
      </object_component>
      <object_component id="oc-144">
         <name>.data</name>
         <load_address>0x20002528</load_address>
         <run_address>0x20002528</run_address>
         <size>0x78</size>
         <input_file_ref idref="fl-5"/>
      </object_component>
      <object_component id="oc-218">
         <name>.data</name>
         <load_address>0x200025b4</load_address>
         <run_address>0x200025b4</run_address>
         <size>0x8</size>
         <input_file_ref idref="fl-147"/>
      </object_component>
      <object_component id="oc-384">
         <name>.data</name>
         <load_address>0x200025a0</load_address>
         <run_address>0x200025a0</run_address>
         <size>0xc</size>
         <input_file_ref idref="fl-149"/>
      </object_component>
      <object_component id="oc-67">
         <name>.data</name>
         <load_address>0x200025bc</load_address>
         <run_address>0x200025bc</run_address>
         <size>0x4</size>
         <input_file_ref idref="fl-14b"/>
      </object_component>
      <object_component id="oc-215">
         <name>.data</name>
         <load_address>0x200025ac</load_address>
         <run_address>0x200025ac</run_address>
         <size>0x8</size>
         <input_file_ref idref="fl-151"/>
      </object_component>
      <object_component id="oc-170">
         <name>.debug_info</name>
         <load_address>0x0</load_address>
         <run_address>0x0</run_address>
         <size>0x6ed</size>
         <input_file_ref idref="fl-2"/>
      </object_component>
      <object_component id="oc-9e">
         <name>.debug_info</name>
         <load_address>0x6ed</load_address>
         <run_address>0x6ed</run_address>
         <size>0x123</size>
         <input_file_ref idref="fl-2"/>
      </object_component>
      <object_component id="oc-af">
         <name>.debug_info</name>
         <load_address>0x810</load_address>
         <run_address>0x810</run_address>
         <size>0x364</size>
         <input_file_ref idref="fl-2"/>
      </object_component>
      <object_component id="oc-80">
         <name>.debug_info</name>
         <load_address>0xb74</load_address>
         <run_address>0xb74</run_address>
         <size>0x84</size>
         <input_file_ref idref="fl-2"/>
      </object_component>
      <object_component id="oc-e2">
         <name>.debug_info</name>
         <load_address>0xbf8</load_address>
         <run_address>0xbf8</run_address>
         <size>0x116</size>
         <input_file_ref idref="fl-2"/>
      </object_component>
      <object_component id="oc-f1">
         <name>.debug_info</name>
         <load_address>0xd0e</load_address>
         <run_address>0xd0e</run_address>
         <size>0x1a5</size>
         <input_file_ref idref="fl-2"/>
      </object_component>
      <object_component id="oc-225">
         <name>.debug_info</name>
         <load_address>0xeb3</load_address>
         <run_address>0xeb3</run_address>
         <size>0x2a1</size>
         <input_file_ref idref="fl-2"/>
      </object_component>
      <object_component id="oc-1aa">
         <name>.debug_info</name>
         <load_address>0x1154</load_address>
         <run_address>0x1154</run_address>
         <size>0x237</size>
         <input_file_ref idref="fl-2"/>
      </object_component>
      <object_component id="oc-10f">
         <name>.debug_info</name>
         <load_address>0x138b</load_address>
         <run_address>0x138b</run_address>
         <size>0x109</size>
         <input_file_ref idref="fl-2"/>
      </object_component>
      <object_component id="oc-1af">
         <name>.debug_info</name>
         <load_address>0x1494</load_address>
         <run_address>0x1494</run_address>
         <size>0x24b</size>
         <input_file_ref idref="fl-2"/>
      </object_component>
      <object_component id="oc-22a">
         <name>.debug_info</name>
         <load_address>0x16df</load_address>
         <run_address>0x16df</run_address>
         <size>0x16d</size>
         <input_file_ref idref="fl-2"/>
      </object_component>
      <object_component id="oc-1b9">
         <name>.debug_info</name>
         <load_address>0x184c</load_address>
         <run_address>0x184c</run_address>
         <size>0x237</size>
         <input_file_ref idref="fl-2"/>
      </object_component>
      <object_component id="oc-220">
         <name>.debug_info</name>
         <load_address>0x1a83</load_address>
         <run_address>0x1a83</run_address>
         <size>0x267</size>
         <input_file_ref idref="fl-2"/>
      </object_component>
      <object_component id="oc-1b4">
         <name>.debug_info</name>
         <load_address>0x1cea</load_address>
         <run_address>0x1cea</run_address>
         <size>0x1b7</size>
         <input_file_ref idref="fl-2"/>
      </object_component>
      <object_component id="oc-bf">
         <name>.debug_info</name>
         <load_address>0x1ea1</load_address>
         <run_address>0x1ea1</run_address>
         <size>0x561</size>
         <input_file_ref idref="fl-2"/>
      </object_component>
      <object_component id="oc-19b">
         <name>.debug_info</name>
         <load_address>0x2402</load_address>
         <run_address>0x2402</run_address>
         <size>0x14b</size>
         <input_file_ref idref="fl-2"/>
      </object_component>
      <object_component id="oc-196">
         <name>.debug_info</name>
         <load_address>0x254d</load_address>
         <run_address>0x254d</run_address>
         <size>0x12a</size>
         <input_file_ref idref="fl-2"/>
      </object_component>
      <object_component id="oc-1a0">
         <name>.debug_info</name>
         <load_address>0x2677</load_address>
         <run_address>0x2677</run_address>
         <size>0x10e</size>
         <input_file_ref idref="fl-2"/>
      </object_component>
      <object_component id="oc-18c">
         <name>.debug_info</name>
         <load_address>0x2785</load_address>
         <run_address>0x2785</run_address>
         <size>0x18b</size>
         <input_file_ref idref="fl-2"/>
      </object_component>
      <object_component id="oc-c9">
         <name>.debug_info</name>
         <load_address>0x2910</load_address>
         <run_address>0x2910</run_address>
         <size>0xd5</size>
         <input_file_ref idref="fl-2"/>
      </object_component>
      <object_component id="oc-16b">
         <name>.debug_info</name>
         <load_address>0x29e5</load_address>
         <run_address>0x29e5</run_address>
         <size>0x46</size>
         <input_file_ref idref="fl-2"/>
      </object_component>
      <object_component id="oc-1be">
         <name>.debug_info</name>
         <load_address>0x2a2b</load_address>
         <run_address>0x2a2b</run_address>
         <size>0x2c</size>
         <input_file_ref idref="fl-2"/>
      </object_component>
      <object_component id="oc-c4">
         <name>.debug_info</name>
         <load_address>0x2a57</load_address>
         <run_address>0x2a57</run_address>
         <size>0x2c</size>
         <input_file_ref idref="fl-2"/>
      </object_component>
      <object_component id="oc-d3">
         <name>.debug_info</name>
         <load_address>0x2a83</load_address>
         <run_address>0x2a83</run_address>
         <size>0x4e</size>
         <input_file_ref idref="fl-2"/>
      </object_component>
      <object_component id="oc-187">
         <name>.debug_info</name>
         <load_address>0x2ad1</load_address>
         <run_address>0x2ad1</run_address>
         <size>0xb5c</size>
         <input_file_ref idref="fl-2"/>
      </object_component>
      <object_component id="oc-1a5">
         <name>.debug_info</name>
         <load_address>0x362d</load_address>
         <run_address>0x362d</run_address>
         <size>0x9f</size>
         <input_file_ref idref="fl-2"/>
      </object_component>
      <object_component id="oc-191">
         <name>.debug_info</name>
         <load_address>0x36cc</load_address>
         <run_address>0x36cc</run_address>
         <size>0x69</size>
         <input_file_ref idref="fl-2"/>
      </object_component>
      <object_component id="oc-73">
         <name>.debug_info</name>
         <load_address>0x3735</load_address>
         <run_address>0x3735</run_address>
         <size>0x1e4b</size>
         <input_file_ref idref="fl-5"/>
      </object_component>
      <object_component id="oc-244">
         <name>.debug_info</name>
         <load_address>0x5580</load_address>
         <run_address>0x5580</run_address>
         <size>0x120</size>
         <input_file_ref idref="fl-5"/>
      </object_component>
      <object_component id="oc-2be">
         <name>.debug_info</name>
         <load_address>0x56a0</load_address>
         <run_address>0x56a0</run_address>
         <size>0x124</size>
         <input_file_ref idref="fl-5"/>
      </object_component>
      <object_component id="oc-1e4">
         <name>.debug_info</name>
         <load_address>0x57c4</load_address>
         <run_address>0x57c4</run_address>
         <size>0x11e</size>
         <input_file_ref idref="fl-5"/>
      </object_component>
      <object_component id="oc-1e7">
         <name>.debug_info</name>
         <load_address>0x58e2</load_address>
         <run_address>0x58e2</run_address>
         <size>0x12e</size>
         <input_file_ref idref="fl-5"/>
      </object_component>
      <object_component id="oc-2a">
         <name>.debug_info</name>
         <load_address>0x5a10</load_address>
         <run_address>0x5a10</run_address>
         <size>0x16c</size>
         <input_file_ref idref="fl-5"/>
      </object_component>
      <object_component id="oc-341">
         <name>.debug_info</name>
         <load_address>0x5b7c</load_address>
         <run_address>0x5b7c</run_address>
         <size>0x150</size>
         <input_file_ref idref="fl-5"/>
      </object_component>
      <object_component id="oc-33e">
         <name>.debug_info</name>
         <load_address>0x5ccc</load_address>
         <run_address>0x5ccc</run_address>
         <size>0x152</size>
         <input_file_ref idref="fl-5"/>
      </object_component>
      <object_component id="oc-344">
         <name>.debug_info</name>
         <load_address>0x5e1e</load_address>
         <run_address>0x5e1e</run_address>
         <size>0x14a</size>
         <input_file_ref idref="fl-5"/>
      </object_component>
      <object_component id="oc-347">
         <name>.debug_info</name>
         <load_address>0x5f68</load_address>
         <run_address>0x5f68</run_address>
         <size>0x13c</size>
         <input_file_ref idref="fl-5"/>
      </object_component>
      <object_component id="oc-33b">
         <name>.debug_info</name>
         <load_address>0x60a4</load_address>
         <run_address>0x60a4</run_address>
         <size>0x162</size>
         <input_file_ref idref="fl-5"/>
      </object_component>
      <object_component id="oc-37f">
         <name>.debug_info</name>
         <load_address>0x6206</load_address>
         <run_address>0x6206</run_address>
         <size>0x120</size>
         <input_file_ref idref="fl-5"/>
      </object_component>
      <object_component id="oc-3b2">
         <name>.debug_info</name>
         <load_address>0x6326</load_address>
         <run_address>0x6326</run_address>
         <size>0x128</size>
         <input_file_ref idref="fl-5"/>
      </object_component>
      <object_component id="oc-3af">
         <name>.debug_info</name>
         <load_address>0x644e</load_address>
         <run_address>0x644e</run_address>
         <size>0x12a</size>
         <input_file_ref idref="fl-5"/>
      </object_component>
      <object_component id="oc-3b5">
         <name>.debug_info</name>
         <load_address>0x6578</load_address>
         <run_address>0x6578</run_address>
         <size>0x122</size>
         <input_file_ref idref="fl-5"/>
      </object_component>
      <object_component id="oc-3bb">
         <name>.debug_info</name>
         <load_address>0x669a</load_address>
         <run_address>0x669a</run_address>
         <size>0x114</size>
         <input_file_ref idref="fl-5"/>
      </object_component>
      <object_component id="oc-3b8">
         <name>.debug_info</name>
         <load_address>0x67ae</load_address>
         <run_address>0x67ae</run_address>
         <size>0x126</size>
         <input_file_ref idref="fl-5"/>
      </object_component>
      <object_component id="oc-145">
         <name>.debug_info</name>
         <load_address>0x68d4</load_address>
         <run_address>0x68d4</run_address>
         <size>0x540</size>
         <input_file_ref idref="fl-5"/>
      </object_component>
      <object_component id="oc-5b2">
         <name>.debug_info</name>
         <load_address>0x6e14</load_address>
         <run_address>0x6e14</run_address>
         <size>0x12a</size>
         <input_file_ref idref="fl-5"/>
      </object_component>
      <object_component id="oc-5af">
         <name>.debug_info</name>
         <load_address>0x6f3e</load_address>
         <run_address>0x6f3e</run_address>
         <size>0x12c</size>
         <input_file_ref idref="fl-5"/>
      </object_component>
      <object_component id="oc-5b5">
         <name>.debug_info</name>
         <load_address>0x706a</load_address>
         <run_address>0x706a</run_address>
         <size>0x124</size>
         <input_file_ref idref="fl-5"/>
      </object_component>
      <object_component id="oc-5ac">
         <name>.debug_info</name>
         <load_address>0x718e</load_address>
         <run_address>0x718e</run_address>
         <size>0x12c</size>
         <input_file_ref idref="fl-5"/>
      </object_component>
      <object_component id="oc-5b8">
         <name>.debug_info</name>
         <load_address>0x72ba</load_address>
         <run_address>0x72ba</run_address>
         <size>0x124</size>
         <input_file_ref idref="fl-5"/>
      </object_component>
      <object_component id="oc-5bb">
         <name>.debug_info</name>
         <load_address>0x73de</load_address>
         <run_address>0x73de</run_address>
         <size>0x126</size>
         <input_file_ref idref="fl-5"/>
      </object_component>
      <object_component id="oc-469">
         <name>.debug_info</name>
         <load_address>0x7504</load_address>
         <run_address>0x7504</run_address>
         <size>0x114</size>
         <input_file_ref idref="fl-5"/>
      </object_component>
      <object_component id="oc-5ce">
         <name>.debug_info</name>
         <load_address>0x7618</load_address>
         <run_address>0x7618</run_address>
         <size>0x112</size>
         <input_file_ref idref="fl-5"/>
      </object_component>
      <object_component id="oc-3c9">
         <name>.debug_info</name>
         <load_address>0x772a</load_address>
         <run_address>0x772a</run_address>
         <size>0x10e</size>
         <input_file_ref idref="fl-5"/>
      </object_component>
      <object_component id="oc-5be">
         <name>.debug_info</name>
         <load_address>0x7838</load_address>
         <run_address>0x7838</run_address>
         <size>0x114</size>
         <input_file_ref idref="fl-5"/>
      </object_component>
      <object_component id="oc-5c1">
         <name>.debug_info</name>
         <load_address>0x794c</load_address>
         <run_address>0x794c</run_address>
         <size>0x112</size>
         <input_file_ref idref="fl-5"/>
      </object_component>
      <object_component id="oc-3d5">
         <name>.debug_info</name>
         <load_address>0x7a5e</load_address>
         <run_address>0x7a5e</run_address>
         <size>0x122</size>
         <input_file_ref idref="fl-5"/>
      </object_component>
      <object_component id="oc-2e1">
         <name>.debug_info</name>
         <load_address>0x7b80</load_address>
         <run_address>0x7b80</run_address>
         <size>0x12e</size>
         <input_file_ref idref="fl-5"/>
      </object_component>
      <object_component id="oc-2de">
         <name>.debug_info</name>
         <load_address>0x7cae</load_address>
         <run_address>0x7cae</run_address>
         <size>0x130</size>
         <input_file_ref idref="fl-5"/>
      </object_component>
      <object_component id="oc-2e4">
         <name>.debug_info</name>
         <load_address>0x7dde</load_address>
         <run_address>0x7dde</run_address>
         <size>0x128</size>
         <input_file_ref idref="fl-5"/>
      </object_component>
      <object_component id="oc-2d8">
         <name>.debug_info</name>
         <load_address>0x7f06</load_address>
         <run_address>0x7f06</run_address>
         <size>0x11a</size>
         <input_file_ref idref="fl-5"/>
      </object_component>
      <object_component id="oc-3c5">
         <name>.debug_info</name>
         <load_address>0x8020</load_address>
         <run_address>0x8020</run_address>
         <size>0x120</size>
         <input_file_ref idref="fl-5"/>
      </object_component>
      <object_component id="oc-2d5">
         <name>.debug_info</name>
         <load_address>0x8140</load_address>
         <run_address>0x8140</run_address>
         <size>0x11a</size>
         <input_file_ref idref="fl-5"/>
      </object_component>
      <object_component id="oc-2db">
         <name>.debug_info</name>
         <load_address>0x825a</load_address>
         <run_address>0x825a</run_address>
         <size>0x114</size>
         <input_file_ref idref="fl-5"/>
      </object_component>
      <object_component id="oc-2e9">
         <name>.debug_info</name>
         <load_address>0x836e</load_address>
         <run_address>0x836e</run_address>
         <size>0x132</size>
         <input_file_ref idref="fl-5"/>
      </object_component>
      <object_component id="oc-5a9">
         <name>.debug_info</name>
         <load_address>0x84a0</load_address>
         <run_address>0x84a0</run_address>
         <size>0x10c</size>
         <input_file_ref idref="fl-5"/>
      </object_component>
      <object_component id="oc-5cb">
         <name>.debug_info</name>
         <load_address>0x85ac</load_address>
         <run_address>0x85ac</run_address>
         <size>0x118</size>
         <input_file_ref idref="fl-5"/>
[...]
         <value>0xe65</value>
         <object_component_ref idref="oc-2ee"/>
      </symbol>
      <symbol id="sm-4e1">
         <name>xdc_runtime_Core_assignLabel__I</name>
         <value>0x1d39</value>
         <object_component_ref idref="oc-30b"/>
      </symbol>
      <symbol id="sm-4ee">
         <name>xdc_runtime_Core_assignParams__I</name>
         <value>0x1b69</value>
         <object_component_ref idref="oc-3a2"/>
      </symbol>
      <symbol id="sm-55b">
         <name>xdc_runtime_Error_getSite__E</name>
         <value>0x21a7</value>
         <object_component_ref idref="oc-628"/>
      </symbol>
      <symbol id="sm-55c">
         <name>xdc_runtime_Error_raiseX__E</name>
         <value>0x1f45</value>
         <object_component_ref idref="oc-375"/>
      </symbol>
      <symbol id="sm-55d">
         <name>xdc_runtime_Error_print__E</name>
         <value>0x1655</value>
         <object_component_ref idref="oc-5fb"/>
      </symbol>
      <symbol id="sm-55e">
         <name>xdc_runtime_Error_init__E</name>
         <value>0x2145</value>
         <object_component_ref idref="oc-5e6"/>
      </symbol>
      <symbol id="sm-55f">
         <name>xdc_runtime_Error_check__E</name>
         <value>0x2039</value>
         <object_component_ref idref="oc-2fa"/>
      </symbol>
      <symbol id="sm-560">
         <name>xdc_runtime_Error_policyDefault__E</name>
         <value>0xd4d</value>
         <object_component_ref idref="oc-529"/>
      </symbol>
      <symbol id="sm-561">
         <name>xdc_runtime_Error_setX__E</name>
         <value>0x1bf5</value>
         <object_component_ref idref="oc-5a2"/>
      </symbol>
      <symbol id="sm-57a">
         <name>xdc_runtime_Gate_leaveSystem__E</name>
         <value>0x20cd</value>
         <object_component_ref idref="oc-289"/>
      </symbol>
      <symbol id="sm-57b">
         <name>xdc_runtime_Gate_enterSystem__E</name>
         <value>0x2151</value>
         <object_component_ref idref="oc-156"/>
      </symbol>
      <symbol id="sm-595">
         <name>xdc_runtime_GateNull_enter__E</name>
         <value>0x21ab</value>
         <object_component_ref idref="oc-280"/>
      </symbol>
      <symbol id="sm-596">
         <name>xdc_runtime_GateNull_leave__E</name>
         <value>0x1653</value>
         <object_component_ref idref="oc-40d"/>
      </symbol>
      <symbol id="sm-5fd">
         <name>xdc_runtime_HeapStd_free__E</name>
         <value>0x1221</value>
         <object_component_ref idref="oc-24c"/>
      </symbol>
      <symbol id="sm-5fe">
         <name>xdc_runtime_HeapStd_isBlocking__E</name>
         <value>0x21af</value>
         <object_component_ref idref="oc-252"/>
      </symbol>
      <symbol id="sm-5ff">
         <name>xdc_runtime_HeapStd_getStats__E</name>
         <value>0x212b</value>
         <object_component_ref idref="oc-258"/>
      </symbol>
      <symbol id="sm-600">
         <name>xdc_runtime_HeapStd_alloc__E</name>
         <value>0xc09</value>
         <object_component_ref idref="oc-246"/>
      </symbol>
      <symbol id="sm-601">
         <name>xdc_runtime_HeapStd_Instance_init__E</name>
         <value>0x1155</value>
         <object_component_ref idref="oc-2f4"/>
      </symbol>
      <symbol id="sm-645">
         <name>xdc_runtime_Memory_alloc__E</name>
         <value>0x16c1</value>
         <object_component_ref idref="oc-533"/>
      </symbol>
      <symbol id="sm-646">
         <name>xdc_runtime_Memory_free__E</name>
         <value>0x20dd</value>
         <object_component_ref idref="oc-3cd"/>
      </symbol>
      <symbol id="sm-647">
         <name>xdc_runtime_Memory_calloc__E</name>
         <value>0x215d</value>
         <object_component_ref idref="oc-3a8"/>
      </symbol>
      <symbol id="sm-648">
         <name>xdc_runtime_Memory_valloc__E</name>
         <value>0x1f7d</value>
         <object_component_ref idref="oc-480"/>
      </symbol>
      <symbol id="sm-649">
         <name>xdc_runtime_Memory_getMaxDefaultTypeAlign__E</name>
         <value>0x2169</value>
         <object_component_ref idref="oc-2c8"/>
      </symbol>
      <symbol id="sm-684">
         <name>xdc_runtime_Startup_startMods__I</name>
         <value>0xf65</value>
         <object_component_ref idref="oc-23c"/>
      </symbol>
      <symbol id="sm-685">
         <name>xdc_runtime_Startup_exec__E</name>
         <value>0x1a7d</value>
         <object_component_ref idref="oc-96"/>
      </symbol>
      <symbol id="sm-748">
         <name>xdc_runtime_System_abort__E</name>
         <value>0x1fb5</value>
         <object_component_ref idref="oc-2ac"/>
      </symbol>
      <symbol id="sm-749">
         <name>xdc_runtime_System_avprintf__E</name>
         <value>0x1e57</value>
         <object_component_ref idref="oc-660"/>
      </symbol>
      <symbol id="sm-74a">
         <name>xdc_runtime_System_printf_va__F</name>
         <value>0x21bf</value>
         <object_component_ref idref="oc-1f7"/>
      </symbol>
      <symbol id="sm-74b">
         <name>xdc_runtime_System_processAtExit__E</name>
         <value>0x1dd1</value>
         <object_component_ref idref="oc-a5"/>
      </symbol>
      <symbol id="sm-74c">
         <name>xdc_runtime_System_formatNum__I</name>
         <value>0x1869</value>
         <object_component_ref idref="oc-3f6"/>
      </symbol>
      <symbol id="sm-74d">
         <name>xdc_runtime_System_vprintf__E</name>
         <value>0x1e7d</value>
         <object_component_ref idref="oc-279"/>
      </symbol>
      <symbol id="sm-74e">
         <name>xdc_runtime_System_aprintf_va__F</name>
         <value>0x21bb</value>
         <object_component_ref idref="oc-646"/>
      </symbol>
      <symbol id="sm-74f">
         <name>xdc_runtime_System_putchar__I</name>
         <value>0x1e2d</value>
         <object_component_ref idref="oc-3fc"/>
      </symbol>
      <symbol id="sm-750">
         <name>xdc_runtime_System_vsnprintf__E</name>
         <value>0x20fd</value>
         <object_component_ref idref="oc-620"/>
      </symbol>
      <symbol id="sm-751">
         <name>xdc_runtime_System_doPrint__I</name>
         <value>0x3e5</value>
         <object_component_ref idref="oc-318"/>
      </symbol>
      <symbol id="sm-752">
         <name>xdc_runtime_System_exit__E</name>
         <value>0x2051</value>
         <object_component_ref idref="oc-61"/>
      </symbol>
      <symbol id="sm-753">
         <name>xdc_runtime_System_Module_startup__E</name>
         <value>0x21a1</value>
         <object_component_ref idref="oc-450"/>
      </symbol>
      <symbol id="sm-7ae">
         <name>xdc_runtime_SysMin_exit__E</name>
         <value>0x1f99</value>
         <object_component_ref idref="oc-15c"/>
      </symbol>
      <symbol id="sm-7af">
         <name>xdc_runtime_SysMin_ready__E</name>
         <value>0x20ed</value>
         <object_component_ref idref="oc-312"/>
      </symbol>
      <symbol id="sm-7b0">
         <name>xdc_runtime_SysMin_flush__E</name>
         <value>0x1c39</value>
         <object_component_ref idref="oc-208"/>
      </symbol>
      <symbol id="sm-7b1">
         <name>xdc_runtime_SysMin_putch__E</name>
         <value>0x1d01</value>
         <object_component_ref idref="oc-445"/>
      </symbol>
      <symbol id="sm-7b2">
         <name>xdc_runtime_SysMin_abort__E</name>
         <value>0x1da1</value>
         <object_component_ref idref="oc-34b"/>
      </symbol>
      <symbol id="sm-7b3">
         <name>xdc_runtime_SysMin_Module_startup__E</name>
         <value>0x1f25</value>
         <object_component_ref idref="oc-456"/>
      </symbol>
      <symbol id="sm-838">
         <name>xdc_runtime_Text_visitRope2__I</name>
         <value>0x1acd</value>
         <object_component_ref idref="oc-659"/>
      </symbol>
      <symbol id="sm-839">
         <name>xdc_runtime_Text_printVisFxn__I</name>
         <value>0x1d6d</value>
         <object_component_ref idref="oc-619"/>
      </symbol>
      <symbol id="sm-83a">
         <name>xdc_runtime_Text_putSite__E</name>
         <value>0x14a5</value>
         <object_component_ref idref="oc-57f"/>
      </symbol>
      <symbol id="sm-83b">
         <name>xdc_runtime_Text_putMod__E</name>
         <value>0x1369</value>
         <object_component_ref idref="oc-5d2"/>
      </symbol>
      <symbol id="sm-83c">
         <name>xdc_runtime_Text_putLab__E</name>
         <value>0x18cd</value>
         <object_component_ref idref="oc-579"/>
      </symbol>
      <symbol id="sm-83d">
         <name>xdc_runtime_Text_xprintf__I</name>
         <value>0x1c7d</value>
         <object_component_ref idref="oc-5d8"/>
      </symbol>
      <symbol id="sm-83e">
         <name>xdc_runtime_Text_ropeText__E</name>
         <value>0x2069</value>
         <object_component_ref idref="oc-36f"/>
      </symbol>
      <symbol id="sm-83f">
         <name>xdc_runtime_Text_cordText__E</name>
         <value>0x1e01</value>
         <object_component_ref idref="oc-3d9"/>
      </symbol>
      <symbol id="sm-849">
         <name>__xdc__init</name>
         <value>0x2195</value>
         <object_component_ref idref="oc-1ef"/>
      </symbol>
      <symbol id="sm-865">
         <name>xdc_runtime_Registry_findById__E</name>
         <value>0x1f05</value>
         <object_component_ref idref="oc-60a"/>
      </symbol>
      <symbol id="sm-87a">
         <name>_c_int00</name>
         <value>0x1929</value>
         <object_component_ref idref="oc-24"/>
      </symbol>
      <symbol id="sm-87b">
         <name>__stack</name>
         <value>0x20000000</value>
         <object_component_ref idref="oc-2c"/>
      </symbol>
      <symbol id="sm-8a0">
         <name>__TI_auto_init</name>
         <value>0x12c9</value>
         <object_component_ref idref="oc-56"/>
      </symbol>
      <symbol id="sm-8b5">
         <name>_args_main</name>
         <value>0x2021</value>
         <object_component_ref idref="oc-5b"/>
      </symbol>
      <symbol id="sm-8cc">
         <name>__TI_decompress_none</name>
         <value>0x211d</value>
         <object_component_ref idref="oc-12"/>
      </symbol>
      <symbol id="sm-8ef">
         <name>__TI_decompress_rle24</name>
         <value>0x219b</value>
         <object_component_ref idref="oc-18"/>
      </symbol>
      <symbol id="sm-901">
         <name>__TI_zero_init</name>
         <value>0x2139</value>
         <object_component_ref idref="oc-1e"/>
      </symbol>
      <symbol id="sm-920">
         <name>copy_in</name>
         <value>0x1b1d</value>
         <object_component_ref idref="oc-90"/>
      </symbol>
      <symbol id="sm-93f">
         <name>C$$EXIT</name>
         <value>0x1bb1</value>
         <object_component_ref idref="oc-163"/>
      </symbol>
      <symbol id="sm-940">
         <name>abort</name>
         <value>0x1bb5</value>
         <object_component_ref idref="oc-163"/>
      </symbol>
      <symbol id="sm-941">
         <name>exit</name>
         <value>0x1bbd</value>
         <object_component_ref idref="oc-163"/>
      </symbol>
      <symbol id="sm-942">
         <name>__TI_dtors_ptr</name>
         <value>0x200025b8</value>
         <object_component_ref idref="oc-218"/>
      </symbol>
      <symbol id="sm-943">
         <name>__TI_cleanup_ptr</name>
         <value>0x200025b4</value>
         <object_component_ref idref="oc-218"/>
      </symbol>
      <symbol id="sm-95e">
         <name>memcpy</name>
         <value>0x1409</value>
         <object_component_ref idref="oc-30"/>
      </symbol>
      <symbol id="sm-95f">
         <name>__aeabi_memcpy</name>
         <value>0x1409</value>
         <object_component_ref idref="oc-30"/>
      </symbol>
      <symbol id="sm-960">
         <name>__aeabi_memcpy8</name>
         <value>0x1409</value>
         <object_component_ref idref="oc-30"/>
      </symbol>
      <symbol id="sm-961">
         <name>__aeabi_memcpy4</name>
         <value>0x1409</value>
         <object_component_ref idref="oc-30"/>
      </symbol>
      <symbol id="sm-9d8">
         <name>_sys_memory</name>
         <value>0x20001000</value>
         <object_component_ref idref="oc-2d"/>
      </symbol>
      <symbol id="sm-9d9">
         <name>free</name>
         <value>0xff</value>
         <object_component_ref idref="oc-2ce"/>
      </symbol>
      <symbol id="sm-9da">
         <name>realloc</name>
         <value>0x1c1</value>
         <object_component_ref idref="oc-2ce"/>
      </symbol>
      <symbol id="sm-9db">
         <name>memalign</name>
         <value>0x2cd</value>
         <object_component_ref idref="oc-2ce"/>
      </symbol>
      <symbol id="sm-9dc">
         <name>calloc</name>
         <value>0x3b1</value>
         <object_component_ref idref="oc-2ce"/>
      </symbol>
      <symbol id="sm-9dd">
         <name>malloc</name>
         <value>0x97</value>
         <object_component_ref idref="oc-2ce"/>
      </symbol>
      <symbol id="sm-9de">
         <name>minit</name>
         <value>0x9</value>
         <object_component_ref idref="oc-2ce"/>
      </symbol>
      <symbol id="sm-9ed">
         <name>__aeabi_memset</name>
         <value>0x15db</value>
         <object_component_ref idref="oc-49"/>
      </symbol>
      <symbol id="sm-9ee">
         <name>memset</name>
         <value>0x15e1</value>
         <object_component_ref idref="oc-49"/>
      </symbol>
      <symbol id="sm-9ef">
         <name>__aeabi_memset8</name>
         <value>0x15db</value>
         <object_component_ref idref="oc-49"/>
      </symbol>
      <symbol id="sm-9f0">
         <name>__aeabi_memset4</name>
         <value>0x15db</value>
         <object_component_ref idref="oc-49"/>
      </symbol>
      <symbol id="sm-9f1">
         <name>__aeabi_memclr8</name>
         <value>0x15d9</value>
         <object_component_ref idref="oc-49"/>
      </symbol>
      <symbol id="sm-9f2">
         <name>__aeabi_memclr4</name>
         <value>0x15d9</value>
         <object_component_ref idref="oc-49"/>
      </symbol>
      <symbol id="sm-9f3">
         <name>__aeabi_memclr</name>
         <value>0x15d9</value>
         <object_component_ref idref="oc-49"/>
      </symbol>
      <symbol id="sm-9fb">
         <name>main_func_sp</name>
         <value>0x200025bc</value>
         <object_component_ref idref="oc-67"/>
      </symbol>
      <symbol id="sm-a0a">
         <name>strlen</name>
         <value>0x20a9</value>
         <object_component_ref idref="oc-3f0"/>
      </symbol>
      <symbol id="sm-a35">
         <name>HOSTgetenv</name>
         <value>0x947</value>
         <object_component_ref idref="oc-416"/>
      </symbol>
      <symbol id="sm-a36">
         <name>HOSTrename</name>
         <value>0x7ef</value>
         <object_component_ref idref="oc-416"/>
      </symbol>
      <symbol id="sm-a37">
         <name>HOSTclose</name>
         <value>0x985</value>
         <object_component_ref idref="oc-416"/>
      </symbol>
      <symbol id="sm-a38">
         <name>HOSTunlink</name>
         <value>0x77d</value>
         <object_component_ref idref="oc-416"/>
      </symbol>
      <symbol id="sm-a39">
         <name>HOSTlseek</name>
         <value>0x8eb</value>
         <object_component_ref idref="oc-416"/>
      </symbol>
      <symbol id="sm-a3a">
         <name>HOSTopen</name>
         <value>0x899</value>
         <object_component_ref idref="oc-416"/>
      </symbol>
      <symbol id="sm-a3b">
         <name>HOSTclock</name>
         <value>0x9bd</value>
         <object_component_ref idref="oc-416"/>
      </symbol>
      <symbol id="sm-a3c">
         <name>HOSTwrite</name>
         <value>0x731</value>
         <object_component_ref idref="oc-416"/>
      </symbol>
      <symbol id="sm-a3d">
         <name>HOSTread</name>
         <value>0x84d</value>
         <object_component_ref idref="oc-416"/>
      </symbol>
      <symbol id="sm-a3e">
         <name>HOSTtime</name>
         <value>0x7b5</value>
         <object_component_ref idref="oc-416"/>
      </symbol>
      <symbol id="sm-a59">
         <name>__TI_readmsg</name>
         <value>0x17cb</value>
         <object_component_ref idref="oc-4eb"/>
      </symbol>
      <symbol id="sm-a5a">
         <name>C$$IO$$</name>
         <value>0x17c7</value>
         <object_component_ref idref="oc-4eb"/>
      </symbol>
      <symbol id="sm-a5b">
         <name>__CIOBUF_</name>
         <value>0x20002400</value>
         <object_component_ref idref="oc-586"/>
      </symbol>
      <symbol id="sm-a5c">
         <name>__TI_writemsg</name>
         <value>0x1799</value>
         <object_component_ref idref="oc-4eb"/>
      </symbol>
      <symbol id="sm-a6e">
         <name>__aeabi_uidivmod</name>
         <value>0x1cc1</value>
         <object_component_ref idref="oc-4d8"/>
      </symbol>
      <symbol id="sm-a6f">
         <name>__aeabi_uidiv</name>
         <value>0x1cc1</value>
         <object_component_ref idref="oc-4d8"/>
      </symbol>
      <symbol id="sm-a88">
         <name>_nop</name>
         <value>0x208f</value>
         <object_component_ref idref="oc-297"/>
      </symbol>
      <symbol id="sm-a89">
         <name>_lock</name>
         <value>0x200025ac</value>
         <object_component_ref idref="oc-215"/>
      </symbol>
      <symbol id="sm-a8a">
         <name>_unlock</name>
         <value>0x200025b0</value>
         <object_component_ref idref="oc-215"/>
      </symbol>
      <symbol id="sm-a8b">
         <name>_register_lock</name>
         <value>0x2087</value>
         <object_component_ref idref="oc-297"/>
      </symbol>
      <symbol id="sm-a8c">
         <name>_register_unlock</name>
         <value>0x2081</value>
         <object_component_ref idref="oc-297"/>
      </symbol>
      <symbol id="sm-a96">
         <name>__aeabi_idiv0</name>
         <value>0x153f</value>
         <object_component_ref idref="oc-570"/>
      </symbol>
      <symbol id="sm-aa4">
         <name>strcpy</name>
         <value>0x2095</value>
         <object_component_ref idref="oc-4f1"/>
      </symbol>
      <symbol id="sm-aa5">
         <name>__TI_static_base__</name>
         <value>0x2c00</value>
      </symbol>
      <symbol id="sm-aa8">
         <name>SHT$$INIT_ARRAY$$Base</name>
         <value>0x0</value>
      </symbol>
      <symbol id="sm-aa9">
         <name>SHT$$INIT_ARRAY$$Limit</name>
         <value>0x0</value>
      </symbol>
      <symbol id="sm-aaa">
         <name>xdc_runtime_System_SupportProxy_abort__E</name>
         <value>0x1da1</value>
      </symbol>
      <symbol id="sm-aab">
         <name>xdc_runtime_System_SupportProxy_exit__E</name>
         <value>0x1f99</value>
      </symbol>
      <symbol id="sm-aac">
         <name>xdc_runtime_System_SupportProxy_flush__E</name>
         <value>0x1c39</value>
      </symbol>
      <symbol id="sm-aad">
         <name>xdc_runtime_System_SupportProxy_putch__E</name>
         <value>0x1d01</value>
      </symbol>
      <symbol id="sm-aae">
         <name>xdc_runtime_System_SupportProxy_ready__E</name>
         <value>0x20ed</value>
      </symbol>
      <symbol id="sm-aaf">
         <name>xdc_runtime_System_abortStd__E</name>
         <value>0x1bb5</value>
      </symbol>
      <symbol id="sm-ab0">
         <name>xdc_runtime_System_exitStd__E</name>
         <value>0x1bbd</value>
      </symbol>
   </symbol_table>
   <title>Link successful</title>
</link_info>
